// Jest Snapshot v1, https://goo.gl/fbAQLP

exports[`CNS offer generation: response 1`] = `
Object {
  "offer": "offer1qqz83wcsltt6wcmqvps0t0y3e0cd2glpf5lvwd3xums25u8d2t2cw0lykgegfnu9wtv8h4pl78cmv2gdjag2al0k7kjvf5tm4waa6f65jel3detudlffu99malhfh7gvzrqqsmuzphm7jkascyda5d883wk8nkmpzt2ryf2k3864e6f8jkfr8veyxuhmt6y57t7lsge570g34zaxv5mmsfxuze9rqkpn838qy6c9r0udl78lstm37j548sp3yr4y0h9nwknndpuem92aw826nmn4fvhzau6mwtm2pm223r4gd494ewt4j646vlhmphf4lapd0528utnp2llenz2048428kurlptapaqkx58rqck33yw6zukfqwg25qeraey5shwt6svyxfedyeqy0trqv4cs7dssjc3752p83qg070qa0e6llsckt8hqypcld6vhywnjxn4mnmd3rgkevhl7z25lf4rq0wyvzya9c2ldzqnx0h2l6fm8h24jm4z08kq8pdtjhpdxlhu7ykh67n8gk2jzsmsy4wdr6v0nsknn50f3lg7nrlls0705qujx6tagtaj3f08lamzs0a6wwwexmw5nujl0hj8esnlq3y6cwx4ahjf0km2velalspgwjsdc3nlq7x7usqf68yewk3yspgun9mph05s9nnspwt8sn504aeslktzvastqmaha7p4xh3m9dj24ewfym4haxrcg7ev70syfvt62llhuk2pf9y5td5kh9a8uej2f9hg5kjfd6v4jut2g9h9vkt6t6s45mnjgenxykjwjf08vl4w0e3xawn7w90tykj3nx49rvdej609j5jq8t2vtrgrvuyzwunxrala78k2hrweph2mntpk8pvyg6uy9rl3jful4fg4dmr60llaxmnf07pc2vptftfj42ktfdxv62enzdec657tfnx39z7t3gfh9ycn9v9n9j7nwfenxjkn9v949rrnktel8yjn92f99agj3d9d8y6t2t6h95ktw3e68ar4057u8nydnkwlert5sd9a988nlswux8vax27shhfz9d7peganqvfy9lxrnh955vumcqtxwtrswy84nkdct98dta0amtshxn7hh28e42kldnm4gl0yl3u6w66mn950kgp2njs885hqfe9u5nptfn9y6n90ft8zc2kg45657t2gfk66j26f9mx5c2f29vk2uvehf9y652k2egcu5tgr0g5nz4fvmd2tev4r85e27sxy4uejpt2c4uhj6f9c5jlj3vfa25hjwve0tvljwveex5hn34f0yzjs6epynjxgtjnf9mve0nhalr7ksyuk6w2w4dnwcwd66dpuyt49lth60v8lmutc05q9q4t3re5ycvdcsnzzv445ynrhffcpm9unj8vff8yjn7s4fyvuqhjjpg7yv9w7t988g2rzxemyh25gz4lh97s90hjnk20dsu76w3djfhec0f0udwc3fterj0ejswtg733xuarzpcq0hls0emxprx60wsve3qu5lhr4w0e2mjls4sd6g37haq5nuuwuae2ml3k3zthch8uap5p3tkn0h6n2jpjnqu5v94am5wjpxkayzd0gy7u8a5aenwmypm5nykjv757em6037f82ff8kc0fhfjmjz690hxz2k49s0uxetzjas7sy5x5chuqfe4uq504s6ue3ed2lr8f0r80ze4lj6rmffkdsa4es0rd4qa6gyakdlq6lltghta86xlmnzhsa6zkava6lhfsm9ncu57a032h32x6s99lll9usrgvqfkctnfssywc8tpug9etrwqcgau0lskzk77t42g0au0yuz9knsfwuuquhwfa0m07al3l7t3adyerxsh8sn9tngyaqs2szv70svqnq2u3uwf8hl0ph4wlh2jvnpn7c5ev8hs0zte8v00aj9d86m2n6hxlnly4xp6tqe3shq2p69wrz7zvs7meu59tzp4v04fvhyc7njnn8sjnvrtg0p22v60e9wn4re4qd4l7ptpfpdkdxxhdmu3rg3zygfm2ht75awaegdhjedk5u353gzc7kfa844l00650h9js9qxyf2g8h0sa0gugx6de6tpmdhawl5kw22hgkw2aqcjdlut28ufzmdrsn95nqnyfrswu63s7y5vpmngurhx3c8wdrswu63x0j7scpw6ekrsw5c8vafswe6nqan4xpm82vgkh8z3u8wdc3jde6rqam5xqterklqjx8ecyzxqaesj2carhx060e6nqan4xpmmqrhxzw9mtlst9720a7hwuv7hsh29g00mfsln2gheah8julrg2z5nvtw658wmfgptllwq80wy56qqzc7acj6gzy7c8tyn3c7v8ky6w9uuf2wzm8w8jmgtnl67m7kvaemmmpkanmhh0xxuz0lyuemhy8ezuu8ul624j74rfdv0dx733kkc0r7tptwxdhec5zc73mr0mcke5acyee8hkfkftlldvu88ku3ue9sepldhz3e2804lfkh8luld34qvqqantsqkajltcs",
}
`;
